Func[1]: func example/duplicate/state.FooProvider() example/duplicate/state.FooSomething
