example/duplicate/state.Backends[2]: example/duplicate/state.FooSomething, example/duplicate/state.FooSomething
