// +build !dev

package state

// Code generated by weld. DO NOT EDIT.

func MakeBackends() (Backends, error) {
	var (
		b backendsImpl
	)

	b.foo = FooProvider()

	return &b, nil
}

type backendsImpl struct {
	foo FooSomething
}

func (b *backendsImpl) Foo() FooSomething {
	return b.foo
}

func (b *backendsImpl) GetFoo() FooSomething {
	return b.foo
}
