example/exchange/ops.Backends[6]: *example/exchange/db.ExchangeDB, *example/external/versioned/v1.Service, chan<- example/exchange.Model, example/exchange/ops.TestFunc[example/exchange.Model, string], example/identity/email.Client, example/identity/users.Client
