package state

// Code generated by weld. DO NOT EDIT.

import (
	"example/exchange"
	"example/external/mail"
	mail_mail "example/external/mail/mail"
	"example/identity/email"
	email_db "example/identity/email/db"
	"example/identity/users"
	users_db "example/identity/users/db"
)

type Backends interface {
	Email() email.Client
	EmailDB() *email_db.EmailDB
	Exchange() exchange.Client
	Mailer() *mail.Mailer
	MailerLegacy() *mail_mail.MailerLegacy
	Users() users.Client
	UsersDB() *users_db.UsersDB
}
