example/identity/state.Backends[7]: *example/external/mail.Mailer, *example/external/mail/mail.MailerLegacy, *example/identity/email/db.EmailDB, *example/identity/users/db.UsersDB, example/exchange.Client, example/identity/email.Client, example/identity/users.Client
