package: state
tags: '!dev'
backendstype: Backends
backendsname: Backends
imports: {}
params: []
deps:
- type: bool
  var: foo
  getter: Foo
  isduplicate: false
  provider:
    funcpkg: ""
    funcname: foo
    returnserr: false
    params: []
    errwrapmsg: no_err state foo
transbcks: []
