example/param/state.Backends[2]: example/param/state.Fizz, example/param/state.Foo
