package state

// Code generated by weld. DO NOT EDIT.

import (
	"context"

	"github.com/luno/jettison/errors"
)

func MakeBackends(context context.Context, bar Bar) (Backends, error) {
	var (
		b   backendsImpl
		err error
	)

	b.fizz, err = MakeFizz(context)
	if err != nil {
		return nil, errors.Wrap(err, "param state make fizz")
	}

	b.foo = MakeFoo(bar)

	return &b, nil
}

type backendsImpl struct {
	fizz Fizz
	foo  Foo
}

func (b *backendsImpl) GetFizz() Fizz {
	return b.fizz
}

func (b *backendsImpl) GetFoo() Foo {
	return b.foo
}
