example/samevar/state.Backends[2]: *example/samevar/pool.BarPool, *example/samevar/pool.FooPool
