package state

// Code generated by weld. DO NOT EDIT.

import (
	"example/sort_with_bind"
	"example/sort_with_bind/providers"
)

func MakeBackends() (Backends, error) {
	var (
		b backendsImpl
	)

	b.foo = providers.NewFoo()

	b.bar = providers.NewBar(b.foo)

	b.baz = providers.NewBaz(b.bar)

	return &b, nil
}

type backendsImpl struct {
	foo sort_with_bind.Foo
	bar sort_with_bind.Bar
	baz sort_with_bind.Baz
}

func (b *backendsImpl) GetFoo() sort_with_bind.Foo {
	return b.foo
}

func (b *backendsImpl) GetBar() sort_with_bind.Bar {
	return b.bar
}

func (b *backendsImpl) GetBaz() sort_with_bind.Baz {
	return b.baz
}
