example/testing/state.Backends[1]: example/testing/state.Foo
