package state

// Code generated by weld. DO NOT EDIT.

import (
	"testing"
)

type Backends interface {
	GetFoo() Foo

	// Setters that allow setting the implementation of the above getter for a single test case. On t.Cleanup
	// the dependency is reset to it's original value / implementation.
	SetGetFooForTesting(t *testing.T, foo Foo)
}
