package state

import "testing"

// Code generated by weld. DO NOT EDIT.

func MakeBackends() (Backends, error) {
	var (
		b backendsImpl
	)

	b.foo = MakeFoo()

	return &b, nil
}

type backendsImpl struct {
	foo Foo
}

func (b *backendsImpl) GetFoo() Foo {
	return b.foo
}

// SetGetFooForTesting is a runtime available override for the "foo" dependency that should only be used for testing.
func (b *backendsImpl) SetGetFooForTesting(t *testing.T, foo Foo) {
	old := b.foo
	t.Cleanup(func() {
		b.foo = old
	})

	b.foo = foo
}
