Func[1]: func example/testing/state.MakeFoo() example/testing/state.Foo
