example/transitive/state.Backends[4]: example/transitive/ops.Bar, example/transitive/ops.Baz, example/transitive/ops.Foo, example/transitive/ops.Qux
