example/variadic/state.Backends[1]: example/variadic/ops.Foo
