package state

// Code generated by weld. DO NOT EDIT.

import (
	variadic_ops "example/variadic/ops"
	"testing"

	"github.com/luno/jettison/errors"
)

func MakeBackends(t *testing.T) (Backends, error) {
	var (
		b   backendsImpl
		err error
	)

	b.foo, err = variadic_ops.NewFooForTesting(t)
	if err != nil {
		return nil, errors.Wrap(err, "variadic ops new foo for testing")
	}

	return &b, nil
}

type backendsImpl struct {
	foo variadic_ops.Foo
}

func (b *backendsImpl) Foo() variadic_ops.Foo {
	return b.foo
}
